// Jest Snapshot v1, https://goo.gl/fbAQLP

exports[`Facet resolver createFacet 1`] = `
Object {
  "code": "speaker-type",
  "id": "T_2",
  "isPrivate": false,
  "languageCode": "en",
  "name": "Speaker Type",
  "translations": Array [
    Object {
      "id": "T_2",
      "languageCode": "en",
      "name": "Speaker Type",
    },
  ],
  "values": Array [
    Object {
      "code": "portable",
      "facet": Object {
        "id": "T_2",
        "name": "Speaker Type",
      },
      "id": "T_7",
      "languageCode": "en",
      "name": "Portable",
      "translations": Array [
        Object {
          "id": "T_7",
          "languageCode": "en",
          "name": "Portable",
        },
      ],
    },
  ],
}
`;
